// Jest Snapshot v1, https://goo.gl/fbAQLP

exports[`renders loader 1`] = `
<ActivityIndicator
  color="black"
  size="large"
/>
`;
