// Jest Snapshot v1, https://goo.gl/fbAQLP

exports[`renders splash 1`] = `
<RNCSafeAreaView
  style={
    Object {
      "alignItems": "center",
      "backgroundColor": "#A267AC",
      "flex": 1,
      "justifyContent": "center",
    }
  }
>
  <Text
    style={
      Object {
        "color": "#ffffff",
        "fontSize": 36,
        "fontWeight": "600",
      }
    }
  >
    RNTest
  </Text>
</RNCSafeAreaView>
`;
